// Jest Snapshot v1, https://goo.gl/fbAQLP

exports[`utils/schema defaultAccountSchema should match the snapshot 1`] = `
Object {
  "dpos": Object {
    "default": Object {
      "delegate": Object {
        "consecutiveMissedBlocks": 0,
        "isBanned": false,
        "lastForgedHeight": 0,
        "pomHeights": Array [],
        "totalVotesReceived": 0n,
        "username": "",
      },
      "sentVotes": Array [],
      "unlocking": Array [],
    },
    "fieldNumber": 5,
    "properties": Object {
      "delegate": Object {
        "fieldNumber": 1,
        "properties": Object {
          "consecutiveMissedBlocks": Object {
            "dataType": "uint32",
            "fieldNumber": 3,
          },
          "isBanned": Object {
            "dataType": "boolean",
            "fieldNumber": 5,
          },
          "lastForgedHeight": Object {
            "dataType": "uint32",
            "fieldNumber": 4,
          },
          "pomHeights": Object {
            "fieldNumber": 2,
            "items": Object {
              "dataType": "uint32",
            },
            "type": "array",
          },
          "totalVotesReceived": Object {
            "dataType": "uint64",
            "fieldNumber": 6,
          },
          "username": Object {
            "dataType": "string",
            "fieldNumber": 1,
          },
        },
        "required": Array [
          "username",
          "pomHeights",
          "consecutiveMissedBlocks",
          "lastForgedHeight",
          "isBanned",
          "totalVotesReceived",
        ],
        "type": "object",
      },
      "sentVotes": Object {
        "fieldNumber": 2,
        "items": Object {
          "properties": Object {
            "amount": Object {
              "dataType": "uint64",
              "fieldNumber": 2,
            },
            "delegateAddress": Object {
              "dataType": "bytes",
              "fieldNumber": 1,
            },
          },
          "required": Array [
            "delegateAddress",
            "amount",
          ],
          "type": "object",
        },
        "type": "array",
      },
      "unlocking": Object {
        "fieldNumber": 3,
        "items": Object {
          "properties": Object {
            "amount": Object {
              "dataType": "uint64",
              "fieldNumber": 2,
            },
            "delegateAddress": Object {
              "dataType": "bytes",
              "fieldNumber": 1,
            },
            "unvoteHeight": Object {
              "dataType": "uint32",
              "fieldNumber": 3,
            },
          },
          "required": Array [
            "delegateAddress",
            "amount",
            "unvoteHeight",
          ],
          "type": "object",
        },
        "type": "array",
      },
    },
    "type": "object",
  },
  "keys": Object {
    "default": Object {
      "mandatoryKeys": Array [],
      "numberOfSignatures": 0,
      "optionalKeys": Array [],
    },
    "fieldNumber": 4,
    "properties": Object {
      "mandatoryKeys": Object {
        "fieldNumber": 2,
        "items": Object {
          "dataType": "bytes",
        },
        "type": "array",
      },
      "numberOfSignatures": Object {
        "dataType": "uint32",
        "fieldNumber": 1,
      },
      "optionalKeys": Object {
        "fieldNumber": 3,
        "items": Object {
          "dataType": "bytes",
        },
        "type": "array",
      },
    },
    "type": "object",
  },
  "sequence": Object {
    "default": Object {
      "nonce": 0n,
    },
    "fieldNumber": 3,
    "properties": Object {
      "nonce": Object {
        "dataType": "uint64",
        "fieldNumber": 1,
      },
    },
    "type": "object",
  },
  "token": Object {
    "default": Object {
      "balance": 0n,
    },
    "fieldNumber": 2,
    "properties": Object {
      "balance": Object {
        "dataType": "uint64",
        "fieldNumber": 1,
      },
    },
    "type": "object",
  },
}
`;
